
Discarded input sections

 .comment       0x00000000       0x20 build/kernel.o
 .note.GNU-stack
                0x00000000        0x0 build/kernel.o
 .eh_frame      0x00000000       0x34 build/kernel.o
 .comment       0x00000000       0x20 build/fd.o
 .note.GNU-stack
                0x00000000        0x0 build/fd.o
 .eh_frame      0x00000000       0x58 build/fd.o
 .comment       0x00000000       0x20 build/fs.o
 .note.GNU-stack
                0x00000000        0x0 build/fs.o
 .eh_frame      0x00000000       0x98 build/fs.o
 .comment       0x00000000       0x20 build/vgac.o
 .note.GNU-stack
                0x00000000        0x0 build/vgac.o
 .eh_frame      0x00000000       0x38 build/vgac.o
 .comment       0x00000000       0x20 build/string.o
 .note.GNU-stack
                0x00000000        0x0 build/string.o
 .eh_frame      0x00000000       0x58 build/string.o
 .comment       0x00000000       0x20 build/con.o
 .note.GNU-stack
                0x00000000        0x0 build/con.o
 .eh_frame      0x00000000       0x58 build/con.o
 .comment       0x00000000       0x20 build/ddump.o
 .note.GNU-stack
                0x00000000        0x0 build/ddump.o
 .eh_frame      0x00000000       0x38 build/ddump.o

Memory Configuration

Name             Origin             Length             Attributes
*default*        0x00000000         0xffffffff

Linker script and memory map

                0x00007e00                        . = 0x7e00

.text           0x00007e00      0xd9e
 *(.text)
 .text          0x00007e00       0x4b build/kernel.o
                0x00007e00                kmain
 .text          0x00007e4b       0x95 build/fd.o
                0x00007e4b                newFd
                0x00007e9c                closeFd
 .text          0x00007ee0      0x4e0 build/fs.o
                0x00007ee0                initFS
                0x00008010                loadFS
                0x000080c3                makeFS
                0x000082ad                open
 .text          0x000083c0       0x1a build/keyboard.o
                0x000083c0                readKey
 *fill*         0x000083da        0x6 
 .text          0x000083e0       0x71 build/vga.o
                0x000083e0                setCursorPos
                0x000083f8                getCursorPos
                0x00008414                printChar
                0x00008424                printString
                0x0000843d                newLine
                0x0000844a                clearScreen
 .text          0x00008451       0x91 build/vgac.o
                0x00008451                printHex
 *fill*         0x000084e2        0xe 
 .text          0x000084f0        0x2 build/power.o
                0x000084f0                reboot
 *fill*         0x000084f2        0xe 
 .text          0x00008500       0x66 build/disk.o
                0x00008500                getDrive
                0x00008510                readSectors
                0x00008539                writeSectors
 *fill*         0x00008566        0xa 
 .text          0x00008570       0x4c build/mem.o
                0x00008570                memcpyToRam
                0x00008595                memcpyToBuff
 .text          0x000085bc       0xe9 build/string.o
                0x000085bc                cmpstr
                0x0000866c                length
 .text          0x000086a5      0x415 build/con.o
                0x000086a5                con
                0x00008843                execCommmand
 .text          0x00008aba       0xe4 build/ddump.o
                0x00008aba                ddump

.rodata         0x00008ba0      0x20f
 *(.rodata)
 .rodata        0x00008ba0       0x5a build/kernel.o
 *fill*         0x00008bfa        0x2 
 .rodata        0x00008bfc       0xea build/fs.o
 *fill*         0x00008ce6        0x2 
 .rodata        0x00008ce8       0xc7 build/con.o

.data           0x00008db0       0x14
 *(.data)
 .data          0x00008db0        0x4 build/kernel.o
                0x00008db0                kernelMsg
 .data          0x00008db4        0x0 build/fd.o
 .data          0x00008db4       0x10 build/fs.o
                0x00008db4                dap
 .data          0x00008dc4        0x0 build/vgac.o
 .data          0x00008dc4        0x0 build/string.o
 .data          0x00008dc4        0x0 build/con.o
 .data          0x00008dc4        0x0 build/ddump.o

.bss            0x00008de0      0x320
 *(COMMON)
 *(.bss)
 .bss           0x00008de0        0x0 build/kernel.o
 .bss           0x00008de0       0xc4 build/fd.o
                0x00008de0                fdTable
                0x00008ea0                fdCount
 *fill*         0x00008ea4       0x1c 
 .bss           0x00008ec0      0x240 build/fs.o
                0x00008ec0                FSDirTable
                0x000090c0                sectorMap
                0x000090ff                drive
 .bss           0x00009100        0x0 build/vgac.o
 .bss           0x00009100        0x0 build/string.o
 .bss           0x00009100        0x0 build/con.o
 .bss           0x00009100        0x0 build/ddump.o

/DISCARD/
 *(.eh_frame)
 *(.comment)
 *(.note.GNU-stack)
LOAD build/kernel.o
LOAD build/fd.o
LOAD build/fs.o
LOAD build/keyboard.o
LOAD build/vga.o
LOAD build/vgac.o
LOAD build/power.o
LOAD build/disk.o
LOAD build/mem.o
LOAD build/string.o
LOAD build/con.o
LOAD build/ddump.o
OUTPUT(build/kernel.bin binary)
