
Discarded input sections

 .comment       0x00000000       0x20 build/kernel.o
 .note.GNU-stack
                0x00000000        0x0 build/kernel.o
 .eh_frame      0x00000000       0x34 build/kernel.o
 .comment       0x00000000       0x20 build/fd.o
 .note.GNU-stack
                0x00000000        0x0 build/fd.o
 .eh_frame      0x00000000       0x94 build/fd.o
 .comment       0x00000000       0x20 build/fs.o
 .note.GNU-stack
                0x00000000        0x0 build/fs.o
 .eh_frame      0x00000000      0x148 build/fs.o
 .comment       0x00000000       0x20 build/vgac.o
 .note.GNU-stack
                0x00000000        0x0 build/vgac.o
 .eh_frame      0x00000000       0x44 build/vgac.o
 .comment       0x00000000       0x20 build/string.o
 .note.GNU-stack
                0x00000000        0x0 build/string.o
 .eh_frame      0x00000000       0x58 build/string.o
 .comment       0x00000000       0x20 build/con.o
 .note.GNU-stack
                0x00000000        0x0 build/con.o
 .eh_frame      0x00000000       0x68 build/con.o
 .comment       0x00000000       0x20 build/ddump.o
 .note.GNU-stack
                0x00000000        0x0 build/ddump.o
 .eh_frame      0x00000000       0x48 build/ddump.o

Memory Configuration

Name             Origin             Length             Attributes
*default*        0x00000000         0xffffffff

Linker script and memory map

                0x00004500                        . = 0x4500

.text           0x00004500      0xd9a
 *(.text)
 .text          0x00004500       0x44 build/kernel.o
                0x00004500                kmain
 .text          0x00004544       0xf8 build/fd.o
                0x00004544                getFd
                0x00004578                allocateFd
                0x000045c6                freeFd
                0x00004610                calcOffset
 .text          0x0000463c      0x6bb build/fs.o
                0x0000474f                initFS
                0x00004952                open
                0x00004a40                new
                0x00004b43                close
                0x00004c1f                write
                0x00004c8b                read
 *fill*         0x00004cf7        0x9 
 .text          0x00004d00       0x1a build/keyboard.o
                0x00004d00                readKey
 *fill*         0x00004d1a        0x6 
 .text          0x00004d20       0x71 build/vga.o
                0x00004d20                setCursorPos
                0x00004d38                getCursorPos
                0x00004d54                printChar
                0x00004d64                printString
                0x00004d7d                newLine
                0x00004d8a                clearScreen
 .text          0x00004d91       0x64 build/vgac.o
                0x00004d91                printHex
 *fill*         0x00004df5        0xb 
 .text          0x00004e00        0x2 build/power.o
                0x00004e00                reboot
 *fill*         0x00004e02        0xe 
 .text          0x00004e10       0x66 build/disk.o
                0x00004e10                getDrive
                0x00004e20                readSectors
                0x00004e49                writeSectors
 *fill*         0x00004e76        0xa 
 .text          0x00004e80       0x4c build/mem.o
                0x00004e80                memcpyToRam
                0x00004ea5                memcpyToBuff
 .text          0x00004ecc       0x5b build/string.o
                0x00004ecc                cmpstr
                0x00004f0b                length
 .text          0x00004f27      0x2bc build/con.o
                0x00004f27                execCommmand
                0x00005112                con
 .text          0x000051e3       0xb7 build/ddump.o
                0x000051e3                ddump

.rodata         0x0000529c       0x10
 *(.rodata)
 .rodata        0x0000529c       0x10 build/ddump.o

.rodata.str1.1  0x000052ac      0x27c
 .rodata.str1.1
                0x000052ac       0x5a build/kernel.o
 .rodata.str1.1
                0x00005306      0x11a build/fs.o
 .rodata.str1.1
                0x00005420       0x11 build/vgac.o
 .rodata.str1.1
                0x00005431       0xf7 build/con.o

.data           0x00005528       0x14
 *(.data)
 .data          0x00005528        0x4 build/kernel.o
                0x00005528                kernelMsg
 .data          0x0000552c        0x0 build/fd.o
 .data          0x0000552c       0x10 build/fs.o
                0x0000552c                dap
 .data          0x0000553c        0x0 build/vgac.o
 .data          0x0000553c        0x0 build/string.o
 .data          0x0000553c        0x0 build/con.o
 .data          0x0000553c        0x0 build/ddump.o

.bss            0x00005540      0x380
 *(COMMON)
 *(.bss)
 .bss           0x00005540        0x0 build/kernel.o
 .bss           0x00005540      0x120 build/fd.o
                0x00005540                fdMap
                0x00005560                fdTable
 .bss           0x00005660      0x260 build/fs.o
                0x00005660                drive
                0x00005680                sectorMap
                0x000056c0                FSDirTable
 .bss           0x000058c0        0x0 build/vgac.o
 .bss           0x000058c0        0x0 build/string.o
 .bss           0x000058c0        0x0 build/con.o
 .bss           0x000058c0        0x0 build/ddump.o

/DISCARD/
 *(.eh_frame)
 *(.comment)
 *(.note.GNU-stack)
LOAD build/kernel.o
LOAD build/fd.o
LOAD build/fs.o
LOAD build/keyboard.o
LOAD build/vga.o
LOAD build/vgac.o
LOAD build/power.o
LOAD build/disk.o
LOAD build/mem.o
LOAD build/string.o
LOAD build/con.o
LOAD build/ddump.o
OUTPUT(build/kernel.bin binary)
